// Jest Snapshot v1, https://goo.gl/fbAQLP

exports[`<ShopingList> renders correctly 1`] = `
<View
  style={
    Object {
      "flex": 2,
      "marginTop": 8,
      "width": 750,
    }
  }
>
  <View
    style={
      Object {
        "alignItems": "flex-start",
        "justifyContent": "flex-start",
      }
    }
  >
    <Text
      style={
        Object {
          "color": "#000000",
          "fontSize": 20,
          "fontWeight": "bold",
          "textAlign": "left",
        }
      }
    />
  </View>
  <View>
    <RCTScrollView
      disableVirtualization={false}
      extraData={Object {}}
      getItem={[Function]}
      getItemCount={[Function]}
      horizontal={true}
      initialNumToRender={10}
      keyExtractor={[Function]}
      maxToRenderPerBatch={10}
      numColumns={1}
      onContentSizeChange={[Function]}
      onEndReachedThreshold={2}
      onLayout={[Function]}
      onMomentumScrollEnd={[Function]}
      onScroll={[Function]}
      onScrollBeginDrag={[Function]}
      onScrollEndDrag={[Function]}
      removeClippedSubviews={false}
      renderItem={[Function]}
      scrollEventThrottle={50}
      stickyHeaderIndices={Array []}
      updateCellsBatchingPeriod={50}
      viewabilityConfigCallbackPairs={Array []}
      windowSize={21}
    >
      <View />
    </RCTScrollView>
  </View>
</View>
`;
